| Change   | Before    | After      |   Ratio | Benchmark (Parameter)   |
|----------|-----------|------------|---------|-------------------------|
| -        | 94.8±30μs | 28.4±0.2μs |     0.3 | b [e]                   |
